// Jest Snapshot v1, https://goo.gl/fbAQLP

exports[`Toggle v4 data-id's don't change 1`] = `
Array [
  "toggle",
]
`;
