// Jest Snapshot v1, https://goo.gl/fbAQLP

exports[`FileUpload data-id's don't change 1`] = `
Array [
  "file-upload",
  "file-upload-input",
  "formLabel",
  "upload-button",
]
`;
