// Jest Snapshot v1, https://goo.gl/fbAQLP

exports[`FormTextArea v4 data-id's don't change 1`] = `
Array [
  "form-text-area",
  "form-text-area-textarea",
]
`;
