// Jest Snapshot v1, https://goo.gl/fbAQLP

exports[`FormTextField v4 data-id's don't change 1`] = `
Array [
  "form-text-field",
  "text-field_container",
  "form-text-field-input",
]
`;
