// Jest Snapshot v1, https://goo.gl/fbAQLP

exports[`Messages v4 data-id's don't change 1`] = `
Array [
  "messages",
  "messages-message-0",
  "messages-message-0-progress",
  "messages-message-0-progress-text",
  "message-close",
]
`;
