// Jest Snapshot v1, https://goo.gl/fbAQLP

exports[`Wizard v4 data-id's don't change 1`] = `
Array [
  "wizard",
]
`;
