// Jest Snapshot v1, https://goo.gl/fbAQLP

exports[`ContentArea data-id's don't change 1`] = `Array []`;
