// Jest Snapshot v1, https://goo.gl/fbAQLP

exports[`DropDownButton data-id's don't change 1`] = `
Array [
  "drop-down-button",
  "drop-down-button-trigger",
  "action",
]
`;
