// Jest Snapshot v1, https://goo.gl/fbAQLP

exports[`FileInput data-id's don't change 1`] = `
Array [
  "input-filedrop",
  "select-button",
  "input-filedrop-label",
  "input-filedrop-input",
]
`;
