// Jest Snapshot v1, https://goo.gl/fbAQLP

exports[`FormDropDownList v4 data id's don't change 1`] = `
Array [
  "form-drop-down-list",
  "selected-option",
  "selected-input",
  "text-field_container",
  "selected-input-input",
]
`;
