// Jest Snapshot v1, https://goo.gl/fbAQLP

exports[`Multivalues data-id's don't change 1`] = `
Array [
  "multivalues",
  "entries",
  0,
  "delete",
  1,
  "delete",
  2,
  "delete",
  3,
  "delete",
  "value-entry",
  "multivalue-options-container",
  "multivalue-options",
  "option-item_1",
  "option-item_2",
  "option-item_3",
  "option-item_4",
  "option-item_5",
  "option-item_6",
  "option-item_7",
  "option-item_8",
  "option-item_9",
  "option-item_10",
  "option-item_11",
  "option-item_12",
  "option-item_13",
  "option-item_14",
  "option-item_15",
  "option-item_16",
  "option-item_17",
  "option-item_18",
  "option-item_19",
  "option-item_20",
  "option-item_21",
  "option-item_22",
  "option-item_23",
  "option-item_24",
  "option-item_25",
  "option-item_26",
  "option-item_27",
  "option-item_28",
  "option-item_29",
  "option-item_30",
  "option-item_31",
  "option-item_32",
  "option-item_33",
  "option-item_34",
  "option-item_35",
  "option-item_36",
  "option-item_37",
  "option-item_38",
  "option-item_39",
  "option-item_40",
  "option-item_41",
  "option-item_42",
  "option-item_43",
  "option-item_44",
  "option-item_45",
  "option-item_46",
  "option-item_47",
  "option-item_48",
  "option-item_49",
  "option-item_50",
  "option-item_51",
  "option-item_52",
  "option-item_53",
  "option-item_54",
  "option-item_55",
  "option-item_56",
  "option-item_57",
  "option-item_58",
  "option-item_59",
  "option-item_60",
  "option-item_61",
  "option-item_62",
  "option-item_63",
  "option-item_64",
  "option-item_65",
  "option-item_66",
  "option-item_67",
  "option-item_68",
  "option-item_69",
  "option-item_70",
  "option-item_71",
  "option-item_72",
  "option-item_73",
  "option-item_74",
  "option-item_75",
  "option-item_76",
  "option-item_77",
  "option-item_78",
  "option-item_79",
  "option-item_80",
  "option-item_81",
  "option-item_82",
  "option-item_83",
  "option-item_84",
  "option-item_85",
  "option-item_86",
  "option-item_87",
  "option-item_88",
  "option-item_89",
  "option-item_90",
  "option-item_91",
  "option-item_92",
  "option-item_93",
  "option-item_94",
  "option-item_95",
  "option-item_96",
  "option-item_97",
  "option-item_98",
  "option-item_99",
  "option-item_100",
]
`;
