// Jest Snapshot v1, https://goo.gl/fbAQLP

exports[`SelectionList v4 data-id's don't change with add list type 1`] = `
Array [
  "selection-list",
  "selection-list-search-box",
  "FormSearchBox",
  "searchBox",
  "text-field_container",
  "searchBox-input",
  "selection-list-options",
  "selection-list-add-options",
  "row-button-add_1",
  "row-button-add_2",
  "row-button-add_3",
  "row-button-add_4",
  "row-button-add_5",
  "row-button-add_6",
  "row-button-add_7",
  "row-button-add_8",
  "row-button-add_9",
]
`;

exports[`SelectionList v4 data-id's don't change with multi-add list type 1`] = `
Array [
  "selection-list",
  "selection-list-search-box",
  "FormSearchBox",
  "searchBox",
  "text-field_container",
  "searchBox-input",
  "selection-list-options",
  "selection-list-options-multi-selection",
  "selectionList-Checkbox-1-container",
  "label",
  "selectionList-Checkbox-1",
  "selectionList-Checkbox-2-container",
  "label",
  "selectionList-Checkbox-2",
  "selectionList-Checkbox-3-container",
  "label",
  "selectionList-Checkbox-3",
  "selectionList-Checkbox-4-container",
  "label",
  "selectionList-Checkbox-4",
  "selectionList-Checkbox-5-container",
  "label",
  "selectionList-Checkbox-5",
  "selectionList-Checkbox-6-container",
  "label",
  "selectionList-Checkbox-6",
  "selectionList-Checkbox-7-container",
  "label",
  "selectionList-Checkbox-7",
  "selectionList-Checkbox-8-container",
  "label",
  "selectionList-Checkbox-8",
  "selectionList-Checkbox-9-container",
  "label",
  "selectionList-Checkbox-9",
  "flex-row",
  "add-button",
]
`;

exports[`SelectionList v4 data-id's don't change with single list type 1`] = `
Array [
  "selection-list",
  "selection-list-required-message",
  "selection-list-search-box",
  "FormSearchBox",
  "searchBox",
  "text-field_container",
  "searchBox-input",
  "selection-list-options",
  "selection-list-options-single-selection",
  "selection-list-options-single-selection_label_1",
  "label",
  "selection-list-options-single-selection_1",
  "selection-list-options-single-selection_label_2",
  "label",
  "selection-list-options-single-selection_2",
  "selection-list-options-single-selection_label_3",
  "label",
  "selection-list-options-single-selection_3",
  "selection-list-options-single-selection_label_4",
  "label",
  "selection-list-options-single-selection_4",
  "selection-list-options-single-selection_label_5",
  "label",
  "selection-list-options-single-selection_5",
  "selection-list-options-single-selection_label_6",
  "label",
  "selection-list-options-single-selection_6",
  "selection-list-options-single-selection_label_7",
  "label",
  "selection-list-options-single-selection_7",
  "selection-list-options-single-selection_label_8",
  "label",
  "selection-list-options-single-selection_8",
  "selection-list-options-single-selection_label_9",
  "label",
  "selection-list-options-single-selection_9",
]
`;
