// Jest Snapshot v1, https://goo.gl/fbAQLP

exports[`Button data-id's do not change 1`] = `
Array [
  "button_help-hint",
  "button_help-hint-target",
  "button",
  "tooltip",
]
`;
