// Jest Snapshot v1, https://goo.gl/fbAQLP

exports[`OverflowMenuTests data-id's don't change 1`] = `
Array [
  "overflow-menu",
  "overflow-menu-trigger",
  "overflow-menu_button",
]
`;
