// Jest Snapshot v1, https://goo.gl/fbAQLP

exports[`Pagination data-id's don't change 1`] = `
Array [
  "test-pagination",
  "topPageLinks",
  "topPageLinksprevious",
  "topPageLinksfirst",
  "topPageLinks2",
  "topPageLinks3",
  "topPageLinks4",
  "topPageLinks5",
  "topPageLinks6",
  "topPageLinks20",
  "topPageLinksnext",
  "expandable-row",
  "expand-btn",
  "edit-btn",
  "delete-btn",
  "expandable-row",
  "expand-btn",
  "edit-btn",
  "delete-btn",
  "expandable-row",
  "expand-btn",
  "edit-btn",
  "delete-btn",
  "expandable-row",
  "expand-btn",
  "edit-btn",
  "delete-btn",
  "expandable-row",
  "expand-btn",
  "edit-btn",
  "delete-btn",
  "expandable-row",
  "expand-btn",
  "edit-btn",
  "delete-btn",
  "expandable-row",
  "expand-btn",
  "edit-btn",
  "delete-btn",
  "bottomPageLinks",
  "bottomPageLinksprevious",
  "bottomPageLinksfirst",
  "bottomPageLinks2",
  "bottomPageLinks3",
  "bottomPageLinks4",
  "bottomPageLinks5",
  "bottomPageLinks6",
  "bottomPageLinks20",
  "bottomPageLinksnext",
]
`;
