// Jest Snapshot v1, https://goo.gl/fbAQLP

exports[`ColumnSelector data-id's don't change 1`] = `
Array [
  "column-selector",
  "column-selector-search",
  "searchBox",
  "text-field_container",
  "searchBox-input",
  "column-selector-options",
  "column-selector-prod",
  "flex-row",
  "row-toggle",
  "column-selector-prod-toggle-icon",
  "column-selector__row-button-button",
  "column-selector-sandbox",
  "flex-row",
  "row-toggle",
  "column-selector-sandbox-toggle-icon",
  "column-selector__row-button-button",
  "column-selector-test",
  "flex-row",
  "row-toggle",
  "column-selector-test-toggle-icon",
  "column-selector__row-button-button",
  "column-selector-selected",
  "column-selector-prod",
  "flex-row",
  "row-toggle",
  "column-selector-prod-toggle-icon",
  "column-selector__row-button-button",
  "column-selector-sandbox",
  "flex-row",
  "row-toggle",
  "column-selector-sandbox-toggle-icon",
  "column-selector__row-button-button",
  "column-selector-test",
  "flex-row",
  "row-toggle",
  "column-selector-test-toggle-icon",
  "column-selector__row-button-button",
]
`;
