// Jest Snapshot v1, https://goo.gl/fbAQLP

exports[`ChartLegend data-id's don't change 1`] = `
Array [
  "helphint-topplacement_Red",
  "helphint-topplacement_Red-target",
  "chart-legend-key",
  "helphint-topplacement_Blue",
  "helphint-topplacement_Blue-target",
  "chart-legend-key",
]
`;
