// Jest Snapshot v1, https://goo.gl/fbAQLP

exports[`DonutCard data-id's don't change 1`] = `
Array [
  "donut-card",
  "donut-card-drop-down",
  "selected-option",
  "selected-input",
  "text-field_container",
  "selected-input-input",
  "donut-card-list",
  "padding-component",
  "pie-chart",
  "donut-card-view-toggle",
]
`;
