// Jest Snapshot v1, https://goo.gl/fbAQLP

exports[`HeatmapCard data-id's don't change 1`] = `
Array [
  "heatmap-card",
  "heatmap-card-chart",
  "heatmap-card-chart-xlabel-0",
  "heatmap-card-chart-xlabel-1",
  "heatmap-card-chart-xlabel-2",
  "heatmap-card-chart-xlabel-3",
  "heatmap-card-chart-xlabel-4",
  "heatmap-card-chart-xlabel-5",
  "heatmap-card-chart-xlabel-6",
  "heatmap-card-chart-xlabel-7",
  "heatmap-card-chart-xlabel-8",
  "heatmap-card-chart-xlabel-9",
  "heatmap-card-chart-xlabel-10",
  "heatmap-card-chart-xlabel-11",
  "heatmap-card-chart-xlabel-12",
  "heatmap-card-chart-xlabel-13",
  "heatmap-card-chart-xlabel-14",
  "heatmap-card-chart-xlabel-15",
  "heatmap-card-chart-xlabel-16",
  "heatmap-card-chart-xlabel-17",
  "heatmap-card-chart-xlabel-18",
  "heatmap-card-chart-xlabel-19",
  "heatmap-card-chart-xlabel-20",
  "heatmap-card-chart-xlabel-21",
  "heatmap-card-chart-xlabel-22",
  "heatmap-card-chart-xlabel-23",
  "heatmap-card-chart-ylabel-0",
  "heatmap-hint_undefined_0",
  "heatmap-hint_undefined_0-target",
  "tooltip",
  "heatmap-hint_undefined_0",
  "heatmap-hint_undefined_0-target",
  "tooltip",
  "heatmap-hint_undefined_0",
  "heatmap-hint_undefined_0-target",
  "tooltip",
  "heatmap-hint_undefined_0",
  "heatmap-hint_undefined_0-target",
  "tooltip",
  "heatmap-card-chart-ylabel-1",
  "heatmap-hint_undefined_1",
  "heatmap-hint_undefined_1-target",
  "tooltip",
  "heatmap-hint_undefined_1",
  "heatmap-hint_undefined_1-target",
  "tooltip",
  "heatmap-hint_undefined_1",
  "heatmap-hint_undefined_1-target",
  "tooltip",
  "heatmap-hint_undefined_1",
  "heatmap-hint_undefined_1-target",
  "tooltip",
  "heatmap-card-chart-ylabel-2",
  "heatmap-hint_undefined_2",
  "heatmap-hint_undefined_2-target",
  "tooltip",
  "heatmap-hint_undefined_2",
  "heatmap-hint_undefined_2-target",
  "tooltip",
  "heatmap-hint_undefined_2",
  "heatmap-hint_undefined_2-target",
  "tooltip",
  "heatmap-hint_undefined_2",
  "heatmap-hint_undefined_2-target",
  "tooltip",
  "heatmap-card-chart-ylabel-3",
  "heatmap-hint_undefined_3",
  "heatmap-hint_undefined_3-target",
  "tooltip",
  "heatmap-hint_undefined_3",
  "heatmap-hint_undefined_3-target",
  "tooltip",
  "heatmap-hint_undefined_3",
  "heatmap-hint_undefined_3-target",
  "tooltip",
  "heatmap-hint_undefined_3",
  "heatmap-hint_undefined_3-target",
  "tooltip",
  "heatmap-card-value-title",
  "heatmap-card-value",
  "heatmap-card-value-subtitle",
]
`;
