// Jest Snapshot v1, https://goo.gl/fbAQLP

exports[`StackedChart data-id's don't change 1`] = `
Array [
  "stacked-chart",
]
`;
