// Jest Snapshot v1, https://goo.gl/fbAQLP

exports[`CancelTooltip data-id's don't change 1`] = `
Array [
  "undefined-cancel-tooltip",
]
`;
