// Jest Snapshot v1, https://goo.gl/fbAQLP

exports[`Popover data-id's don't change 1`] = `
Array [
  "popover",
  "popover-trigger",
  "popup-frame",
]
`;
