// Jest Snapshot v1, https://goo.gl/fbAQLP

exports[`PopoverMenu data-id's don't change 1`] = `
Array [
  "popover-menu",
  "popover-menu-trigger",
  "popover-menu-button-first",
  "popover-menu-button-second",
  "popover-menu-button-third",
  "popover-menu-button-fourth",
]
`;
