// Jest Snapshot v1, https://goo.gl/fbAQLP

exports[`Global Message data-id's don't change 1`] = `
Array [
  "global-message",
  "flex-row",
  "flex-row",
  "global-message__clear",
]
`;
