// Jest Snapshot v1, https://goo.gl/fbAQLP

exports[`If component data-id's don't change 1`] = `
Array [
  "tabbed-sections",
  "tabs",
]
`;
